Path:          /nix/store/gaxb42z68bcr8lch467shvmnhjjzgd8b-source
Last modified: 1970-01-01 00:16:40
Inputs:
├───flake-compat: github:edolstra/flake-compat/0f9255e01c2351cc7d116c072cb317785dd33b33
│   Last modified: 2023-10-04 13:37:54
├───flake-utils: github:numtide/flake-utils/b1d9ab70662946ef0850d488da1c9019f3a9752a
│   Last modified: 2024-03-11 08:33:50
│   └───systems: github:nix-systems/default/da67096a3b9bf56a91d16901293e51ba5b49a27e
│       Last modified: 2023-04-09 08:27:08
├───lanzaboote: github:nix-community/lanzaboote/850f27322239f8cfa56b122cc9a278ab99a49015
│   Last modified: 2024-04-17 16:03:51
│   ├───crane: github:ipetkov/crane/880573f80d09e18a11713f402b9e6172a085449f
│   │   Last modified: 2024-03-24 16:53:56
│   │   └───nixpkgs follows input 'lanzaboote/nixpkgs'
│   ├───flake-compat follows input 'flake-compat'
│   ├───flake-parts: github:hercules-ci/flake-parts/f7b3c975cf067e56e7cda6cb098ebe3fb4d74ca2
│   │   Last modified: 2024-03-01 23:36:56
│   │   └───nixpkgs-lib follows input 'lanzaboote/nixpkgs'
│   ├───flake-utils follows input 'flake-utils'
│   ├───nixpkgs follows input 'nixpkgs'
│   ├───pre-commit-hooks-nix: github:cachix/pre-commit-hooks.nix/e611897ddfdde3ed3eaac4758635d7177ff78673
│   │   Last modified: 2024-03-20 08:24:28
│   │   ├───flake-compat follows input 'lanzaboote/flake-compat'
│   │   ├───flake-utils follows input 'lanzaboote/flake-utils'
│   │   ├───gitignore: github:hercules-ci/gitignore.nix/637db329424fd7e46cf4185293b9cc8c88c95394
│   │   │   Last modified: 2024-02-28 02:28:52
│   │   │   └───nixpkgs follows input 'lanzaboote/pre-commit-hooks-nix/nixpkgs'
│   │   ├───nixpkgs follows input 'lanzaboote/nixpkgs'
│   │   └───nixpkgs-stable: github:NixOS/nixpkgs/614b4613980a522ba49f0d194531beddbb7220d3
│   │       Last modified: 2024-03-17 17:16:56
│   └───rust-overlay: github:oxalica/rust-overlay/dcc802a6ec4e9cc6a1c8c393327f0c42666f22e4
│       Last modified: 2024-03-24 02:14:07
│       ├───flake-utils follows input 'lanzaboote/flake-utils'
│       └───nixpkgs follows input 'lanzaboote/nixpkgs'
└───nixpkgs: github:nixos/nixpkgs/7f993cdf26ccef564eabf31fdb40d140821e12bc
    Last modified: 2024-07-01 09:00:38
